ASxxxx Linker V03.00 + NoICE + sdld,  page 1.
Hexadecimal  [32-Bits]

Area                                    Addr        Size        Decimal Bytes (Attributes)
--------------------------------        ----        ----        ------- ----- ------------
.  .ABS.                            00000000    00000000 =           0. bytes (ABS,CON)

      Value  Global                              Global Defined In Module
      -----  --------------------------------   ------------------------
     00000000  .__.ABS.                           
     00000000  _rRAMG                             
     00000000  l__BASE                         
     00000000  l__BSS                          
     00000000  l__CABS                         
     00000000  l__CODE_0                       
     00000000  l__CRASH_HEADER                 
     00000000  l__CRASH_SCRATCH                
     00000000  l__DABS                         
     00000000  l__EHL_TRAMPOLINE               
     00000000  l__HEADER                       
     00000000  l__HEADER_LCD                   
     00000000  l__HEADER_SIO                   
     00000000  l__HEADER_TIMER                 
     00000000  l__HEAP                         
     00000000  l__HRAM                         
     00000000  l__LIT                          
     00000000  s__CABS                         
     00000000  s__CRASH_HEADER                 
     00000000  s__CRASH_HEADER0                
     00000000  s__CRASH_HEADER1                
     00000000  s__CRASH_SCRATCH                
     00000000  s__CRASH_SCRATCH2               
     00000000  s__DABS                         
     00000000  s__EHL_TRAMPOLINE               
     00000000  s__EHL_TRAMPOLINE0              
     00000000  s__HEADER                       
     00000000  s__HEADER0                      
     00000000  s__HEADER1                      
     00000000  s__HEADER10                     
     00000000  s__HEADER11                     
     00000000  s__HEADER2                      
     00000000  s__HEADER3                      
     00000000  s__HEADER4                      
     00000000  s__HEADER5                      
     00000000  s__HEADER6                      
     00000000  s__HEADER7                      
     00000000  s__HEADER8                      
     00000000  s__HEADER9                      
     00000000  s__HEADER_LCD                   
     00000000  s__HEADER_LCD0                  
     00000000  s__HEADER_SIO                   
     00000000  s__HEADER_SIO0                  
     00000000  s__HEADER_TIMER                 
     00000000  s__HEADER_TIMER0                
     00000000  s__HEADERa                      
     00000000  s__HEADERb                      
     00000000  s__HEADERc                      
     00000000  s__HEADERd                      
     00000000  s__HEADERe                      
ASxxxx Linker V03.00 + NoICE + sdld,  page 2.
Hexadecimal  [32-Bits]

Area                                    Addr        Size        Decimal Bytes (Attributes)
--------------------------------        ----        ----        ------- ----- ------------
.  .ABS.                            00000000    00000000 =           0. bytes (ABS,CON)

      Value  Global                              Global Defined In Module
      -----  --------------------------------   ------------------------
     00000000  s__HEADERf                      
     00000000  s__HRAM                         
     00000000  s__HRAM12                       
     00000001  ___bank_VM_SGB                     vm_sgb
     00000001  ___bank_bg_placeholder_copy_2_ti   bg_placeholder_copy_2_tilese
     00000001  ___bank_palette_0                  palette_0
     00000001  ___bank_song_song_template_1_Dat   song_song_template_1_Data
     00000001  ___bank_sprite_actor_tileset       sprite_actor_tileset
     00000001  b_ui_draw_frame                    ui
     00000001  b_ui_draw_text_buffer_char         ui
     00000001  b_ui_init                          ui
     00000001  b_ui_load_tiles                    ui
     00000001  b_ui_run_menu                      ui
     00000001  b_ui_run_modal                     ui
     00000001  b_ui_set_start_tile                ui
     00000001  l__GSFINAL                      
     00000001  l__HEADER0                      
     00000001  l__HEADER11                     
     00000001  l__HEADER9                      
     00000001  l__HEADERa                      
     00000001  l__HEADERb                      
     00000001  l__HEADERd                      
     00000001  l__HEADERe                      
     00000002  ___bank_ACTOR                      actor
     00000002  ___bank_bg_box_tilemap             bg_box_tilemap
     00000002  ___bank_sound_i_can_do_anything_   sound_i_can_do_anything_wav
     00000002  ___bank_sprite_club_copy_tileset   sprite_club_copy_tileset
     00000002  b_activate_actor                   actor
     00000002  b_activate_actors_in_col           actor
     00000002  b_activate_actors_in_row           actor
     00000002  b_actor_at_tile                    actor
     00000002  b_actor_get_frame_offset           actor
     00000002  b_actor_in_front_of_player         actor
     00000002  b_actor_overlapping_bb             actor
     00000002  b_actor_overlapping_player         actor
     00000002  b_actor_set_anim_idle              actor
     00000002  b_actor_set_anim_moving            actor
     00000002  b_actor_set_dir                    actor
     00000002  b_actor_set_frame_offset           actor
     00000002  b_actor_set_frames                 actor
     00000002  b_actors_handle_player_collision   actor
     00000002  b_actors_init                      actor
     00000002  b_check_collision_in_direction     actor
     00000002  b_deactivate_actor                 actor
     00000002  b_do_load_palette                  data_manager
     00000002  b_load_background                  data_manager
     00000002  b_load_bkg_tileset                 data_manager
     00000002  b_load_bounds                      data_manager
     00000002  b_load_emote                       data_manager
     00000002  b_load_init                        data_manager
     00000002  b_load_player                      data_manager
ASxxxx Linker V03.00 + NoICE + sdld,  page 3.
Hexadecimal  [32-Bits]

Area                                    Addr        Size        Decimal Bytes (Attributes)
--------------------------------        ----        ----        ------- ----- ------------
.  .ABS.                            00000000    00000000 =           0. bytes (ABS,CON)

      Value  Global                              Global Defined In Module
      -----  --------------------------------   ------------------------
     00000002  b_load_scene                       data_manager
     00000002  b_load_sprite                      data_manager
     00000002  b_player_init                      actor
     00000002  l__HEADER5                      
     00000002  l__HEADERc                      
     00000002  l__HEADERf                      
     00000003  ___bank_VM_ACTOR                   vm_actor
     00000003  ___bank_bg_jevil_fight_tileset     bg_jevil_fight_tileset
     00000003  ___bank_scene_6_sprites            scene_6_sprites
     00000003  ___bank_song_faint_courage_game_   song_faint_courage_game_ove_
     00000003  b_platform_init                    platform
     00000003  b_platform_update                  platform
     00000003  b_vm_actor_activate                vm_actor
     00000003  b_vm_actor_deactivate              vm_actor
     00000003  b_vm_actor_emote                   vm_actor
     00000003  b_vm_actor_get_angle               vm_actor
     00000003  b_vm_actor_get_anim_frame          vm_actor
     00000003  b_vm_actor_get_dir                 vm_actor
     00000003  b_vm_actor_get_pos                 vm_actor
     00000003  b_vm_actor_move_cancel             vm_actor
     00000003  b_vm_actor_move_to                 vm_actor
     00000003  b_vm_actor_replace_tile            vm_actor
     00000003  b_vm_actor_set_anim                vm_actor
     00000003  b_vm_actor_set_anim_frame          vm_actor
     00000003  b_vm_actor_set_anim_set            vm_actor
     00000003  b_vm_actor_set_anim_tick           vm_actor
     00000003  b_vm_actor_set_bounds              vm_actor
     00000003  b_vm_actor_set_dir                 vm_actor
     00000003  b_vm_actor_set_flags               vm_actor
     00000003  b_vm_actor_set_move_speed          vm_actor
     00000003  b_vm_actor_set_pos                 vm_actor
     00000003  b_vm_actor_set_spritesheet         vm_actor
     00000003  b_vm_actor_set_spritesheet_by_re   vm_actor
     00000003  b_vm_actor_terminate_update        vm_actor
     00000003  l__HEADER8                      
     00000003  l__HEADER_LCD0                  
     00000003  l__HRAM12                       
     00000004  ___bank_VM_MAIN                    vm
     00000004  ___bank_font_gbs_mono              font_gbs_mono
     00000004  ___bank_sound_hurt_wav             sound_hurt_wav
     00000004  ___bank_sound_laugh_wav            sound_laugh_wav
     00000004  ___bank_sound_snd_rudebuster_hit   sound_snd_rudebuster_hit_wa
     00000004  ___mute_mask_sound_hurt_wav        sound_hurt_wav
     00000004  ___mute_mask_sound_i_can_do_anyt   sound_i_can_do_anything_wav
     00000004  ___mute_mask_sound_jevil_oh_wav    sound_jevil_oh_wav
     00000004  ___mute_mask_sound_laugh_wav       sound_laugh_wav
     00000004  ___mute_mask_sound_snd_heavyswin   sound_snd_heavyswing_ch1_wa
     00000004  ___mute_mask_sound_snd_rudebuste   sound_snd_rudebuster_hit_wa
     00000004  b_input_init                       input
     00000004  b_script_detach_hthread            vm
     00000004  b_script_execute                   vm
ASxxxx Linker V03.00 + NoICE + sdld,  page 4.
Hexadecimal  [32-Bits]

Area                                    Addr        Size        Decimal Bytes (Attributes)
--------------------------------        ----        ----        ------- ----- ------------
.  .ABS.                            00000000    00000000 =           0. bytes (ABS,CON)

      Value  Global                              Global Defined In Module
      -----  --------------------------------   ------------------------
     00000004  b_script_runner_init               vm
     00000004  b_script_terminate                 vm
     00000004  b_vm_call                          vm
     00000004  b_vm_call_far                      vm
     00000004  b_vm_get_indirect                  vm
     00000004  b_vm_get_int16                     vm
     00000004  b_vm_get_int8                      vm
     00000004  b_vm_get_tlocal                    vm
     00000004  b_vm_get_uint8                     vm
     00000004  b_vm_idle                          vm
     00000004  b_vm_if                            vm
     00000004  b_vm_if_const                      vm
     00000004  b_vm_init_rng                      vm
     00000004  b_vm_invoke                        vm
     00000004  b_vm_join                          vm
     00000004  b_vm_jump                          vm
     00000004  b_vm_lock                          vm
     00000004  b_vm_loop                          vm
     00000004  b_vm_memcpy                        vm
     00000004  b_vm_memset                        vm
     00000004  b_vm_poll_loaded                   vm
     00000004  b_vm_pop                           vm
     00000004  b_vm_push                          vm
     00000004  b_vm_push_reference                vm
     00000004  b_vm_push_value                    vm
     00000004  b_vm_push_value_ind                vm
     00000004  b_vm_raise                         vm
     00000004  b_vm_rand                          vm
     00000004  b_vm_reserve                       vm
     00000004  b_vm_ret                           vm
     00000004  b_vm_ret_far                       vm
     00000004  b_vm_set                           vm
     00000004  b_vm_set_const                     vm
     00000004  b_vm_set_const_int16               vm
     00000004  b_vm_set_const_int8                vm
     00000004  b_vm_set_indirect                  vm
     00000004  b_vm_set_int16                     vm
     00000004  b_vm_set_int8                      vm
     00000004  b_vm_set_uint8                     vm
     00000004  b_vm_terminate                     vm
     00000004  b_vm_test_terminate                vm
     00000004  b_vm_unlock                        vm
     00000004  b_wait_frames                      vm
     00000004  l__CRASH_HEADER1                
     00000004  l__HEADER_SIO0                  
     00000004  l__HEADER_TIMER0                
     00000005  ___bank_VM_UI                      vm_ui
     00000005  ___bank_bg_jevil_command_tileset   bg_jevil_command_tileset
     00000005  ___bank_scene_9_init               scene_9_init
     00000005  ___bank_song_song_template_Data    song_song_template_Data
     00000005  ___bank_sound_jevil_oh_wav         sound_jevil_oh_wav
ASxxxx Linker V03.00 + NoICE + sdld,  page 5.
Hexadecimal  [32-Bits]

Area                                    Addr        Size        Decimal Bytes (Attributes)
--------------------------------        ----        ----        ------- ----- ------------
.  .ABS.                            00000000    00000000 =           0. bytes (ABS,CON)

      Value  Global                              Global Defined In Module
      -----  --------------------------------   ------------------------
     00000005  ___bank_sound_snd_heavyswing_ch1   sound_snd_heavyswing_ch1_wa
     00000005  b_adventure_init                   adventure
     00000005  b_adventure_update                 adventure
     00000005  b_scroll_init                      scroll
     00000005  b_scroll_repaint                   scroll
     00000005  b_scroll_reset                     scroll
     00000005  b_scroll_update                    scroll
     00000005  b_shmup_init                       shmup
     00000005  b_shmup_update                     shmup
     00000005  b_vm_choice                        vm_ui
     00000005  b_vm_display_text                  vm_ui
     00000005  b_vm_overlay_clear                 vm_ui
     00000005  b_vm_overlay_move_to               vm_ui
     00000005  b_vm_overlay_scroll                vm_ui
     00000005  b_vm_overlay_set_map               vm_ui
     00000005  b_vm_overlay_set_scroll            vm_ui
     00000005  b_vm_overlay_set_submap            vm_ui
     00000005  b_vm_overlay_set_submap_ex         vm_ui
     00000005  b_vm_overlay_setpos                vm_ui
     00000005  b_vm_overlay_show                  vm_ui
     00000005  b_vm_overlay_wait                  vm_ui
     00000005  b_vm_set_font                      vm_ui
     00000005  b_vm_set_text_sound                vm_ui
     00000005  b_vm_switch_text_layer             vm_ui
     00000005  l__CRASH_HEADER0                
     00000005  l__HEADER1                      
     00000006  ___bank_VM_GAMEBOY                 vm_gameboy
     00000006  ___bank_VM_GBPRINTER               vm_gbprinter
     00000006  ___bank_actor_5_update             actor_5_update
     00000006  ___bank_bg_menu_tileset            bg_menu_tileset
     00000006  ___bank_bg_placeholder_copy_6_ti   bg_placeholder_copy_6_tilema
     00000006  ___bank_bg_placeholder_copy_6_ti   bg_placeholder_copy_6_tilese
     00000006  ___bank_scene_3_collisions         scene_3_collisions
     00000006  ___bank_scene_3_triggers           scene_3_triggers
     00000006  ___bank_scene_4_init               scene_4_init
     00000006  ___bank_script_input_0             script_input_0
     00000006  ___bank_sprite_jevil_animated      sprite_jevil_animated
     00000006  ___bank_sprite_jevil_animated_ti   sprite_jevil_animated_tilese
     00000006  ___bank_sprite_susie_copy_tilese   sprite_susie_copy_tileset
     00000006  b_topdown_init                     topdown
     00000006  b_topdown_update                   topdown
     00000006  b_vm_context_prepare               vm_gameboy
     00000006  b_vm_fade                          vm_gameboy
     00000006  b_vm_get_tile_xy                   vm_gameboy
     00000006  b_vm_input_attach                  vm_gameboy
     00000006  b_vm_input_detach                  vm_gameboy
     00000006  b_vm_input_get                     vm_gameboy
     00000006  b_vm_input_wait                    vm_gameboy
     00000006  b_vm_load_tiles                    vm_gameboy
     00000006  b_vm_load_tileset                  vm_gameboy
     00000006  b_vm_poll                          vm_gameboy
ASxxxx Linker V03.00 + NoICE + sdld,  page 6.
Hexadecimal  [32-Bits]

Area                                    Addr        Size        Decimal Bytes (Attributes)
--------------------------------        ----        ----        ------- ----- ------------
.  .ABS.                            00000000    00000000 =           0. bytes (ABS,CON)

      Value  Global                              Global Defined In Module
      -----  --------------------------------   ------------------------
     00000006  b_vm_print_detect                  vm_gbprinter
     00000006  b_vm_print_overlay                 vm_gbprinter
     00000006  b_vm_replace_tile                  vm_gameboy
     00000006  b_vm_replace_tile_xy               vm_gameboy
     00000006  b_vm_rumble                        vm_gameboy
     00000006  b_vm_set_sprite_mode               vm_gameboy
     00000006  b_vm_set_sprites_visible           vm_gameboy
     00000006  b_vm_timer_prepare                 vm_gameboy
     00000006  b_vm_timer_reset                   vm_gameboy
     00000006  b_vm_timer_set                     vm_gameboy
     00000006  b_vm_timer_stop                    vm_gameboy
     00000006  l__HEADER7                      
     00000007  ___bank_VM_CAMERA                  vm_camera
     00000007  ___bank_VM_SIO                     vm_sio
     00000007  ___bank_actor_35_update            actor_35_update
     00000007  ___bank_actor_36_update            actor_36_update
     00000007  ___bank_bg_placeholder_copy_7_ti   bg_placeholder_copy_7_tilese
     00000007  ___bank_scene_0_actors             scene_0_actors
     00000007  ___bank_scene_10_sprites           scene_10_sprites
     00000007  ___bank_scene_1_actors             scene_1_actors
     00000007  ___bank_scene_6_actors             scene_6_actors
     00000007  ___bank_scene_scene_4_actors       scene_scene_4_actors
     00000007  ___bank_sprite_actor_animated      sprite_actor_animated
     00000007  ___bank_sprite_actor_animated_ti   sprite_actor_animated_tilese
     00000007  ___bank_sprite_ralsei_tileset      sprite_ralsei_tileset
     00000007  ___bank_sprite_scythe_tileset      sprite_scythe_tileset
     00000007  ___bank_sprite_susie               sprite_susie
     00000007  ___bank_sprite_susie_copy          sprite_susie_copy
     00000007  ___bank_sprite_susie_tileset       sprite_susie_tileset
     00000007  b___HandleCrash_banked             
     00000007  b_camera_shake_frames              vm_camera
     00000007  b_core_reset                       core
     00000007  b_core_run                         core
     00000007  b_data_clear                       load_save
     00000007  b_data_init                        load_save
     00000007  b_data_load                        load_save
     00000007  b_data_peek                        load_save
     00000007  b_data_save                        load_save
     00000007  b_gbprinter_detect                 gbprinter
     00000007  b_gbprinter_print_overlay          gbprinter
     00000007  b_pointnclick_init                 pointnclick
     00000007  b_pointnclick_update               pointnclick
     00000007  b_projectile_launch                projectiles
     00000007  b_projectiles_init                 projectiles
     00000007  b_set_sgb_border                   sgb_border
     00000007  b_trigger_activate_at              trigger
     00000007  b_trigger_activate_at_intersecti   trigger
     00000007  b_trigger_at_intersection          trigger
     00000007  b_trigger_at_tile                  trigger
     00000007  b_trigger_interact                 trigger
     00000007  b_trigger_reset                    trigger
ASxxxx Linker V03.00 + NoICE + sdld,  page 7.
Hexadecimal  [32-Bits]

Area                                    Addr        Size        Decimal Bytes (Attributes)
--------------------------------        ----        ----        ------- ----- ------------
.  .ABS.                            00000000    00000000 =           0. bytes (ABS,CON)

      Value  Global                              Global Defined In Module
      -----  --------------------------------   ------------------------
     00000007  b_vm_camera_move_to                vm_camera
     00000007  b_vm_camera_set_pos                vm_camera
     00000007  b_vm_sio_exchange                  vm_sio
     00000007  b_vm_sio_set_mode                  vm_sio
     00000007  l__HEADER2                      
     00000008  ___bank_VM_MATH                    vm_math
     00000008  ___bank_VM_MUSIC                   vm_music
     00000008  ___bank_VM_PALETTE                 vm_palette
     00000008  ___bank_actor_12_update            actor_12_update
     00000008  ___bank_actor_18_update            actor_18_update
     00000008  ___bank_actor_19_update            actor_19_update
     00000008  ___bank_actor_20_update            actor_20_update
     00000008  ___bank_actor_21_update            actor_21_update
     00000008  ___bank_actor_23_update            actor_23_update
     00000008  ___bank_actor_24_update            actor_24_update
     00000008  ___bank_actor_25_update            actor_25_update
     00000008  ___bank_actor_31_update            actor_31_update
     00000008  ___bank_actor_32_update            actor_32_update
     00000008  ___bank_actor_33_update            actor_33_update
     00000008  ___bank_actor_34_update            actor_34_update
     00000008  ___bank_avatar_font_0              avatar_font_0
     00000008  ___bank_bg_jevil_command_tilemap   bg_jevil_command_tilemap
     00000008  ___bank_bg_jevil_fight_tilemap     bg_jevil_fight_tilemap
     00000008  ___bank_bg_menu_tilemap            bg_menu_tilemap
     00000008  ___bank_bg_placeholder_copy_2_ti   bg_placeholder_copy_2_tilema
     00000008  ___bank_bg_placeholder_copy_7_ti   bg_placeholder_copy_7_tilema
     00000008  ___bank_palette_1                  palette_1
     00000008  ___bank_scene_0_collisions         scene_0_collisions
     00000008  ___bank_scene_0_p_hit1             scene_0_p_hit1
     00000008  ___bank_scene_10_collisions        scene_10_collisions
     00000008  ___bank_scene_10_p_hit1            scene_10_p_hit1
     00000008  ___bank_scene_11_collisions        scene_11_collisions
     00000008  ___bank_scene_13_collisions        scene_13_collisions
     00000008  ___bank_scene_13_p_hit1            scene_13_p_hit1
     00000008  ___bank_scene_1_collisions         scene_1_collisions
     00000008  ___bank_scene_1_p_hit1             scene_1_p_hit1
     00000008  ___bank_scene_2_collisions         scene_2_collisions
     00000008  ___bank_scene_2_p_hit1             scene_2_p_hit1
     00000008  ___bank_scene_4_actors             scene_4_actors
     00000008  ___bank_scene_4_collisions         scene_4_collisions
     00000008  ___bank_scene_5_collisions         scene_5_collisions
     00000008  ___bank_scene_6_collisions         scene_6_collisions
     00000008  ___bank_scene_6_p_hit1             scene_6_p_hit1
     00000008  ___bank_scene_9_collisions         scene_9_collisions
     00000008  ___bank_scene_9_p_hit1             scene_9_p_hit1
     00000008  ___bank_scene_scene_4_collisions   scene_scene_4_collisions
     00000008  ___bank_scene_scene_4_init         scene_scene_4_init
     00000008  ___bank_sprite_ralsei              sprite_ralsei
     00000008  ___bank_sprite_ralsei_battle_cop   sprite_ralsei_battle_copy
     00000008  ___bank_trigger_0_interact         trigger_0_interact
     00000008  ___bank_trigger_5_interact         trigger_5_interact
ASxxxx Linker V03.00 + NoICE + sdld,  page 8.
Hexadecimal  [32-Bits]

Area                                    Addr        Size        Decimal Bytes (Attributes)
--------------------------------        ----        ----        ------- ----- ------------
.  .ABS.                            00000000    00000000 =           0. bytes (ABS,CON)

      Value  Global                              Global Defined In Module
      -----  --------------------------------   ------------------------
     00000008  ___bank_trigger_6_interact         trigger_6_interact
     00000008  ___bank_trigger_7_interact         trigger_7_interact
     00000008  b_erase_flash                      
     00000008  b_fade_applypalettechange          fade_manager
     00000008  b_fade_in                          fade_manager
     00000008  b_fade_in_modal                    fade_manager
     00000008  b_fade_init                        fade_manager
     00000008  b_fade_out                         fade_manager
     00000008  b_fade_out_modal                   fade_manager
     00000008  b_fade_setspeed                    fade_manager
     00000008  b_fade_update                      fade_manager
     00000008  b_save_sram_banks                  
     00000008  b_vm_cos_scale                     vm_math
     00000008  b_vm_load_palette                  vm_palette
     00000008  b_vm_music_mute                    vm_music
     00000008  b_vm_music_play                    vm_music
     00000008  b_vm_music_routine                 vm_music
     00000008  b_vm_music_setpos                  vm_music
     00000008  b_vm_music_stop                    vm_music
     00000008  b_vm_sfx_play                      vm_music
     00000008  b_vm_sin_scale                     vm_math
     00000008  b_vm_sound_mastervol               vm_music
     00000008  l__HEADER3                      
     00000009  ___bank_VM_LOAD_SAVE               vm_load_save
     00000009  ___bank_VM_PROJECTILE              vm_projectiles
     00000009  ___bank_VM_RTC                     vm_rtc
     00000009  ___bank_VM_SCENE                   vm_scene
     00000009  ___bank_actor_0_interact           actor_0_interact
     00000009  ___bank_actor_13_update            actor_13_update
     00000009  ___bank_actor_14_update            actor_14_update
     00000009  ___bank_actor_15_update            actor_15_update
     00000009  ___bank_actor_16_update            actor_16_update
     00000009  ___bank_actor_17_update            actor_17_update
     00000009  ___bank_actor_22_update            actor_22_update
     00000009  ___bank_actor_26_update            actor_26_update
     00000009  ___bank_actor_27_update            actor_27_update
     00000009  ___bank_actor_28_update            actor_28_update
     00000009  ___bank_actor_29_update            actor_29_update
     00000009  ___bank_actor_30_update            actor_30_update
     00000009  ___bank_actor_37_update            actor_37_update
     00000009  ___bank_actor_38_update            actor_38_update
     00000009  ___bank_actor_39_update            actor_39_update
     00000009  ___bank_actor_40_update            actor_40_update
     00000009  ___bank_actor_41_update            actor_41_update
     00000009  ___bank_actor_42_update            actor_42_update
     00000009  ___bank_actor_43_update            actor_43_update
     00000009  ___bank_actor_44_update            actor_44_update
     00000009  ___bank_actor_45_update            actor_45_update
     00000009  ___bank_actor_47_update            actor_47_update
     00000009  ___bank_actor_51_update            actor_51_update
     00000009  ___bank_actor_7_update             actor_7_update
ASxxxx Linker V03.00 + NoICE + sdld,  page 9.
Hexadecimal  [32-Bits]

Area                                    Addr        Size        Decimal Bytes (Attributes)
--------------------------------        ----        ----        ------- ----- ------------
.  .ABS.                            00000000    00000000 =           0. bytes (ABS,CON)

      Value  Global                              Global Defined In Module
      -----  --------------------------------   ------------------------
     00000009  ___bank_bg_box                     bg_box
     00000009  ___bank_bg_box_tileset             bg_box_tileset
     00000009  ___bank_bg_jevil_command           bg_jevil_command
     00000009  ___bank_bg_jevil_fight             bg_jevil_fight
     00000009  ___bank_bg_menu                    bg_menu
     00000009  ___bank_bg_placeholder_copy_2      bg_placeholder_copy_2
     00000009  ___bank_bg_placeholder_copy_6      bg_placeholder_copy_6
     00000009  ___bank_bg_placeholder_copy_7      bg_placeholder_copy_7
     00000009  ___bank_bootstrap_script           
     00000009  ___bank_cursor_image               cursor_image
     00000009  ___bank_frame_image                frame_image
     00000009  ___bank_scene_0                    scene_0
     00000009  ___bank_scene_0_init               scene_0_init
     00000009  ___bank_scene_0_sprites            scene_0_sprites
     00000009  ___bank_scene_1                    scene_1
     00000009  ___bank_scene_10                   scene_10
     00000009  ___bank_scene_10_actors            scene_10_actors
     00000009  ___bank_scene_10_init              scene_10_init
     00000009  ___bank_scene_10_projectiles       scene_10_projectiles
     00000009  ___bank_scene_11                   scene_11
     00000009  ___bank_scene_11_init              scene_11_init
     00000009  ___bank_scene_13                   scene_13
     00000009  ___bank_scene_13_actors            scene_13_actors
     00000009  ___bank_scene_13_init              scene_13_init
     00000009  ___bank_scene_13_sprites           scene_13_sprites
     00000009  ___bank_scene_1_init               scene_1_init
     00000009  ___bank_scene_1_projectiles        scene_1_projectiles
     00000009  ___bank_scene_1_sprites            scene_1_sprites
     00000009  ___bank_scene_2                    scene_2
     00000009  ___bank_scene_2_actors             scene_2_actors
     00000009  ___bank_scene_2_init               scene_2_init
     00000009  ___bank_scene_2_projectiles        scene_2_projectiles
     00000009  ___bank_scene_2_sprites            scene_2_sprites
     00000009  ___bank_scene_3                    scene_3
     00000009  ___bank_scene_3_actors             scene_3_actors
     00000009  ___bank_scene_3_init               scene_3_init
     00000009  ___bank_scene_3_sprites            scene_3_sprites
     00000009  ___bank_scene_4                    scene_4
     00000009  ___bank_scene_4_sprites            scene_4_sprites
     00000009  ___bank_scene_5                    scene_5
     00000009  ___bank_scene_5_init               scene_5_init
     00000009  ___bank_scene_6                    scene_6
     00000009  ___bank_scene_6_init               scene_6_init
     00000009  ___bank_scene_6_projectiles        scene_6_projectiles
     00000009  ___bank_scene_9                    scene_9
     00000009  ___bank_scene_9_actors             scene_9_actors
     00000009  ___bank_scene_9_sprites            scene_9_sprites
     00000009  ___bank_scene_scene_4              scene_scene_4
     00000009  ___bank_scene_scene_4_sprites      scene_scene_4_sprites
     00000009  ___bank_scene_scene_4_triggers     scene_scene_4_triggers
     00000009  ___bank_script_engine_init         
ASxxxx Linker V03.00 + NoICE + sdld,  page 10.
Hexadecimal  [32-Bits]

Area                                    Addr        Size        Decimal Bytes (Attributes)
--------------------------------        ----        ----        ------- ----- ------------
.  .ABS.                            00000000    00000000 =           0. bytes (ABS,CON)

      Value  Global                              Global Defined In Module
      -----  --------------------------------   ------------------------
     00000009  ___bank_sprite_actor               sprite_actor
     00000009  ___bank_sprite_actor_copy          sprite_actor_copy
     00000009  ___bank_sprite_actor_copy_tilese   sprite_actor_copy_tileset
     00000009  ___bank_sprite_club_copy           sprite_club_copy
     00000009  ___bank_sprite_club_copy_2         sprite_club_copy_2
     00000009  ___bank_sprite_club_copy_2_tiles   sprite_club_copy_2_tileset
     00000009  ___bank_sprite_diagonalclub1_cop   sprite_diagonalclub1_copy
     00000009  ___bank_sprite_diagonalclub1_cop   sprite_diagonalclub1_copy_ti
     00000009  ___bank_sprite_jevil_animated_co   sprite_jevil_animated_copy
     00000009  ___bank_sprite_jevil_animated_co   sprite_jevil_animated_copy_t
     00000009  ___bank_sprite_kris_battle_copy    sprite_kris_battle_copy
     00000009  ___bank_sprite_kris_battle_copy_   sprite_kris_battle_copy_tile
     00000009  ___bank_sprite_ralsei_battle_cop   sprite_ralsei_battle_copy_0
     00000009  ___bank_sprite_ralsei_battle_cop   sprite_ralsei_battle_copy_0_
     00000009  ___bank_sprite_ralsei_battle_cop   sprite_ralsei_battle_copy_ti
     00000009  ___bank_sprite_ralsei_copy         sprite_ralsei_copy
     00000009  ___bank_sprite_ralsei_copy_tiles   sprite_ralsei_copy_tileset
     00000009  ___bank_sprite_scythe              sprite_scythe
     00000009  ___bank_sprite_scythe_copy         sprite_scythe_copy
     00000009  ___bank_sprite_scythe_copy_tiles   sprite_scythe_copy_tileset
     00000009  ___bank_sprite_small_heart         sprite_small_heart
     00000009  ___bank_sprite_small_heart_tiles   sprite_small_heart_tileset
     00000009  ___bank_sprite_spade               sprite_spade
     00000009  ___bank_sprite_spade_copy          sprite_spade_copy
     00000009  ___bank_sprite_spade_copy_0        sprite_spade_copy_0
     00000009  ___bank_sprite_spade_copy_0_tile   sprite_spade_copy_0_tileset
     00000009  ___bank_sprite_spade_copy_tilese   sprite_spade_copy_tileset
     00000009  ___bank_sprite_spade_tileset       sprite_spade_tileset
     00000009  ___bank_sprite_static              sprite_static
     00000009  ___bank_sprite_static_copy         sprite_static_copy
     00000009  ___bank_sprite_static_copy_tiles   sprite_static_copy_tileset
     00000009  ___bank_sprite_static_tileset      sprite_static_tileset
     00000009  ___bank_sprite_susie_battle_copy   sprite_susie_battle_copy
     00000009  ___bank_sprite_susie_battle_copy   sprite_susie_battle_copy_til
     00000009  ___bank_sprite_susie_copy_0        sprite_susie_copy_0
     00000009  ___bank_sprite_susie_copy_0_tile   sprite_susie_copy_0_tileset
     00000009  ___bank_spritesheet_none           spritesheet_none
     00000009  b_SIO_init                         sio
     00000009  b_camera_init                      camera
     00000009  b_camera_reset                     camera
     00000009  b_events_init                      events
     00000009  b_itoa_fmt                         vm_ui_a
     00000009  b_logo_init                        logo
     00000009  b_logo_update                      logo
     00000009  b_music_events_poll                music_manager
     00000009  b_music_init_driver                music_manager
     00000009  b_music_init_events                music_manager
     00000009  b_palette_init                     palette
     00000009  b_parallax_init                    parallax
     00000009  b_remove_LCD_ISRs                  interrupts
     00000009  b_restore_sram                     flasher
ASxxxx Linker V03.00 + NoICE + sdld,  page 11.
Hexadecimal  [32-Bits]

Area                                    Addr        Size        Decimal Bytes (Attributes)
--------------------------------        ----        ----        ------- ----- ------------
.  .ABS.                            00000000    00000000 =           0. bytes (ABS,CON)

      Value  Global                              Global Defined In Module
      -----  --------------------------------   ------------------------
     00000009  b_restore_sram_bank                flasher
     00000009  b_save_sram                        flasher
     00000009  b_scroll_rect                      
     00000009  b_timers_init                      events
     00000009  b_vm_projectile_launch             vm_projectiles
     00000009  b_vm_projectile_load_type          vm_projectiles
     00000009  b_vm_rtc_get                       vm_rtc
     00000009  b_vm_rtc_latch                     vm_rtc
     00000009  b_vm_rtc_set                       vm_rtc
     00000009  b_vm_rtc_start                     vm_rtc
     00000009  b_vm_save_clear                    vm_load_save
     00000009  b_vm_save_peek                     vm_load_save
     00000009  b_vm_scene_pop                     vm_scene
     00000009  b_vm_scene_pop_all                 vm_scene
     00000009  b_vm_scene_push                    vm_scene
     00000009  b_vm_scene_stack_reset             vm_scene
     0000000C  __start_save                    
     00000011  l__EHL_TRAMPOLINE0              
     00000019  l__INITIALIZED                  
     00000019  l__INITIALIZER                  
     00000027  l__GSINIT                       
     00000030  l__HEADER6                      
     0000004E  l__HEADER4                      
     00000082  l__HEADER10                     
     000001CB  l__CRASH_SCRATCH2               
     00000200  s__CODE                         
     00000BE4  l__CODE                         
     00000DE4  s__HOME                         
     0000197E  l__DATA                         
     00002000  _rROMB0                            
     000027F2  l__CODE_9                       
     00002B97  l__HOME                         
     00003000  _rROMB1                            
     0000397B  s__BASE                         
     0000397B  s__CODE_0                       
     0000397B  s__INITIALIZER                  
     0000397B  s__LIT                          
     00003994  s__GSINIT                       
     000039BB  s__GSFINAL                      
     00003FFE  l__CODE_8                       
     00003FFF  l__CODE_3                       
     00003FFF  l__CODE_5                       
     00003FFF  l__CODE_7                       
     00004000  _RTC_SELECT_REG                    vm_rtc
     00004000  _rRAMB                             
     00004000  l__CODE_1                       
     00004000  l__CODE_2                       
     00004000  l__CODE_4                       
     00004000  l__CODE_6                       
     00006000  _RTC_LATCH_REG                     vm_rtc
     00008000  __VRAM                             
ASxxxx Linker V03.00 + NoICE + sdld,  page 12.
Hexadecimal  [32-Bits]

Area                                    Addr        Size        Decimal Bytes (Attributes)
--------------------------------        ----        ----        ------- ----- ------------
.  .ABS.                            00000000    00000000 =           0. bytes (ABS,CON)

      Value  Global                              Global Defined In Module
      -----  --------------------------------   ------------------------
     00008000  __VRAM8000                         
     00008800  __VRAM8800                         
     00009000  __VRAM9000                         
     00009800  __SCRN0                            
     00009C00  __SCRN1                            
     0000A000  _RTC_VALUE_REG                     vm_rtc
     0000A000  __SRAM                             
     0000C000  __RAM                              
     0000C000  _shadow_OAM                     
     0000C0A0  s__DATA                         
     0000D000  __RAMBANK                          
     0000DA1E  s__BSS                          
     0000DA1E  s__INITIALIZED                  
     0000DA37  s__HEAP                         
     0000DF00  .STACK                          
     0000DF00  _shadow_OAM2                       absolute
     0000DFA0  _BkgPalette                        absolute
     0000DFE0  _vwf_tile_data                     absolute
     0000FE00  __OAMRAM                           
     0000FF00  _P1_REG                            
     0000FF00  __IO                               
     0000FF01  _SB_REG                            
     0000FF02  _SC_REG                            
     0000FF04  _DIV_REG                           
     0000FF05  _TIMA_REG                          
     0000FF06  _TMA_REG                           
     0000FF07  _TAC_REG                           
     0000FF0F  _IF_REG                            
     0000FF10  _NR10_REG                          
     0000FF11  _NR11_REG                          
     0000FF12  _NR12_REG                          
     0000FF13  _NR13_REG                          
     0000FF14  _NR14_REG                          
     0000FF16  _NR21_REG                          
     0000FF17  _NR22_REG                          
     0000FF18  _NR23_REG                          
     0000FF19  _NR24_REG                          
     0000FF1A  _NR30_REG                          
     0000FF1B  _NR31_REG                          
     0000FF1C  _NR32_REG                          
     0000FF1D  _NR33_REG                          
     0000FF1E  _NR34_REG                          
     0000FF20  _NR41_REG                          
     0000FF21  _NR42_REG                          
     0000FF22  _NR43_REG                          
     0000FF23  _NR44_REG                          
     0000FF24  _NR50_REG                          
     0000FF25  _NR51_REG                          
     0000FF26  _NR52_REG                          
     0000FF30  _AUD3WAVE                          
     0000FF30  _PCM_SAMPLE                        
ASxxxx Linker V03.00 + NoICE + sdld,  page 13.
Hexadecimal  [32-Bits]

Area                                    Addr        Size        Decimal Bytes (Attributes)
--------------------------------        ----        ----        ------- ----- ------------
.  .ABS.                            00000000    00000000 =           0. bytes (ABS,CON)

      Value  Global                              Global Defined In Module
      -----  --------------------------------   ------------------------
     0000FF30  __AUD3WAVERAM                      
     0000FF40  _LCDC_REG                          
     0000FF41  _STAT_REG                          
     0000FF42  _SCY_REG                           
     0000FF43  _SCX_REG                           
     0000FF44  _LY_REG                            
     0000FF45  _LYC_REG                           
     0000FF46  _DMA_REG                           
     0000FF47  _BGP_REG                           
     0000FF48  _OBP0_REG                          
     0000FF49  _OBP1_REG                          
     0000FF4A  _WY_REG                            
     0000FF4B  _WX_REG                            
     0000FF4D  _KEY1_REG                          
     0000FF4F  _VBK_REG                           
     0000FF51  _HDMA1_REG                         
     0000FF52  _HDMA2_REG                         
     0000FF53  _HDMA3_REG                         
     0000FF54  _HDMA4_REG                         
     0000FF55  _HDMA5_REG                         
     0000FF56  _RP_REG                            
     0000FF68  _BCPS_REG                          
     0000FF69  _BCPD_REG                          
     0000FF6A  _OCPS_REG                          
     0000FF6B  _OCPD_REG                          
     0000FF70  _SVBK_REG                          
     0000FF76  _PCM12_REG                         
     0000FF77  _PCM34_REG                         
     0000FF80  .refresh_OAM                    
     0000FF80  __HRAM                             
     0000FFFF  _IE_REG                            
     00014000  s__CODE_1                       
     00024000  s__CODE_2                       
     00034000  s__CODE_3                       
     00044000  s__CODE_4                       
     00054000  s__CODE_5                       
     00064000  s__CODE_6                       
     00074000  s__CODE_7                       
     00084000  s__CODE_8                       
     00094000  s__CODE_9                       
ASxxxx Linker V03.00 + NoICE + sdld,  page 14.
Hexadecimal  [32-Bits]

Area                                    Addr        Size        Decimal Bytes (Attributes)
--------------------------------        ----        ----        ------- ----- ------------
_CODE                               00000200    00000BE4 =        3044. bytes (REL,CON)

      Value  Global                              Global Defined In Module
      -----  --------------------------------   ------------------------
     00000200  ___HandleCrash                     
     0000020A  _SIO_send_byte                     
     0000021D  _SIO_receive                       
     0000022E  _SetTile                           
     0000023D  _set_win_tile_xy                   
     00000242  _set_bkg_tile_xy                   
     00000265  _GetWinAddr                        
     0000026D  _GetBkgAddr                        
     0000027B  _state_init                        
     00000280  _state_update                      
     000002A2  _ui_time_masks                     
     000002AA  _ui_print_shift_char               
     0000032D  _ui_draw_frame_row                 
     00000336  .ui_draw_frame_row                 
     0000035F  _script_cmds                       vm_instructions
     00000593  _save_signature                    game_signature
     00000597  _start_scene_x                     
     00000599  _start_scene_y                     
     0000059B  _start_scene_dir                   
     0000059C  _start_scene                       
     0000059F  _start_player_move_speed           
     000005A0  _start_player_anim_tick            
     000005A1  _ui_fonts                          
     000005A7  _core_reset_hook                   main
     000005AF  _main                              main
     000005B7  _state_start_fns                   
     000005C9  _state_update_fns                  
     000005DB  _hUGE_init_banked                  hUGEDriver_obj
     000005DF  _hUGE_init                         hUGEDriver_obj
     000005EA  _hUGE_mute_channel_banked          hUGEDriver_obj
     000005EE  _hUGE_mute_channel                 hUGEDriver_obj
     000005FB  _hUGE_set_position_banked          hUGEDriver_obj
     000005FF  _hUGE_set_position                 hUGEDriver_obj
     00000608  hUGE_init                          hUGEDriver_obj
     0000065E  hUGE_mute_channel                  hUGEDriver_obj
     00000854  hUGE_set_position                  hUGEDriver_obj
     000009BC  _hUGE_dosound                      hUGEDriver_obj
     000009BC  _hUGE_dosound_banked               hUGEDriver_obj
     000009BC  hUGE_dosound                       hUGEDriver_obj
     00000CAB  _get_vram_byte                     
     00000CB8  _get_win_tile_xy                   
     00000CC0  _get_bkg_tile_xy                   
     00000CE7  _hide_sprites_range                Metasprites
     00000D17  .sgb_check                         
     00000D17  _sgb_check                         
     00000D5F  _sgb_transfer                      
     00000D64  .sgb_transfer                      
     00000DA5  ___move_metasprite                 Metasprites
ASxxxx Linker V03.00 + NoICE + sdld,  page 15.
Hexadecimal  [32-Bits]

Area                                    Addr        Size        Decimal Bytes (Attributes)
--------------------------------        ----        ----        ------- ----- ------------
_HEADER0                            00000000    00000001 =           1. bytes (ABS,CON)

      Value  Global                              Global Defined In Module
      -----  --------------------------------   ------------------------
     00000020  .call_hl                           Runtime

ASxxxx Linker V03.00 + NoICE + sdld,  page 16.
Hexadecimal  [32-Bits]

Area                                    Addr        Size        Decimal Bytes (Attributes)
--------------------------------        ----        ----        ------- ----- ------------
_HEADER1                            00000000    00000005 =           5. bytes (ABS,CON)

      Value  Global                              Global Defined In Module
      -----  --------------------------------   ------------------------
     00000028  .MemsetSmall                       Runtime

ASxxxx Linker V03.00 + NoICE + sdld,  page 17.
Hexadecimal  [32-Bits]

Area                                    Addr        Size        Decimal Bytes (Attributes)
--------------------------------        ----        ----        ------- ----- ------------
_HEADER2                            00000000    00000007 =           7. bytes (ABS,CON)

      Value  Global                              Global Defined In Module
      -----  --------------------------------   ------------------------
     00000030  .MemcpySmall                       Runtime

ASxxxx Linker V03.00 + NoICE + sdld,  page 18.
Hexadecimal  [32-Bits]

Area                                    Addr        Size        Decimal Bytes (Attributes)
--------------------------------        ----        ----        ------- ----- ------------
_HEADER3                            00000000    00000008 =           8. bytes (ABS,CON)

      Value  Global                              Global Defined In Module
      -----  --------------------------------   ------------------------
ASxxxx Linker V03.00 + NoICE + sdld,  page 19.
Hexadecimal  [32-Bits]

Area                                    Addr        Size        Decimal Bytes (Attributes)
--------------------------------        ----        ----        ------- ----- ------------
_HEADER4                            00000000    0000004E =          78. bytes (ABS,CON)

      Value  Global                              Global Defined In Module
      -----  --------------------------------   ------------------------
     00000080  .int                               Runtime
     0000008F  _wait_int_handler                  Runtime
     0000009C  __standard_VBL_handler             Runtime
     000000AC  _refresh_OAM                       Runtime

ASxxxx Linker V03.00 + NoICE + sdld,  page 20.
Hexadecimal  [32-Bits]

Area                                    Addr        Size        Decimal Bytes (Attributes)
--------------------------------        ----        ----        ------- ----- ------------
_HEADER5                            00000000    00000002 =           2. bytes (ABS,CON)

      Value  Global                              Global Defined In Module
      -----  --------------------------------   ------------------------
ASxxxx Linker V03.00 + NoICE + sdld,  page 21.
Hexadecimal  [32-Bits]

Area                                    Addr        Size        Decimal Bytes (Attributes)
--------------------------------        ----        ----        ------- ----- ------------
_HEADER6                            00000000    00000030 =          48. bytes (ABS,CON)

      Value  Global                              Global Defined In Module
      -----  --------------------------------   ------------------------
ASxxxx Linker V03.00 + NoICE + sdld,  page 22.
Hexadecimal  [32-Bits]

Area                                    Addr        Size        Decimal Bytes (Attributes)
--------------------------------        ----        ----        ------- ----- ------------
_HEADER7                            00000000    00000006 =           6. bytes (ABS,CON)

      Value  Global                              Global Defined In Module
      -----  --------------------------------   ------------------------
ASxxxx Linker V03.00 + NoICE + sdld,  page 23.
Hexadecimal  [32-Bits]

Area                                    Addr        Size        Decimal Bytes (Attributes)
--------------------------------        ----        ----        ------- ----- ------------
_HEADER8                            00000000    00000003 =           3. bytes (ABS,CON)

      Value  Global                              Global Defined In Module
      -----  --------------------------------   ------------------------
ASxxxx Linker V03.00 + NoICE + sdld,  page 24.
Hexadecimal  [32-Bits]

Area                                    Addr        Size        Decimal Bytes (Attributes)
--------------------------------        ----        ----        ------- ----- ------------
_HEADER9                            00000000    00000001 =           1. bytes (ABS,CON)

      Value  Global                              Global Defined In Module
      -----  --------------------------------   ------------------------
ASxxxx Linker V03.00 + NoICE + sdld,  page 25.
Hexadecimal  [32-Bits]

Area                                    Addr        Size        Decimal Bytes (Attributes)
--------------------------------        ----        ----        ------- ----- ------------
_HEADERa                            00000000    00000001 =           1. bytes (ABS,CON)

      Value  Global                              Global Defined In Module
      -----  --------------------------------   ------------------------
ASxxxx Linker V03.00 + NoICE + sdld,  page 26.
Hexadecimal  [32-Bits]

Area                                    Addr        Size        Decimal Bytes (Attributes)
--------------------------------        ----        ----        ------- ----- ------------
_HEADERb                            00000000    00000001 =           1. bytes (ABS,CON)

      Value  Global                              Global Defined In Module
      -----  --------------------------------   ------------------------
ASxxxx Linker V03.00 + NoICE + sdld,  page 27.
Hexadecimal  [32-Bits]

Area                                    Addr        Size        Decimal Bytes (Attributes)
--------------------------------        ----        ----        ------- ----- ------------
_HEADERc                            00000000    00000002 =           2. bytes (ABS,CON)

      Value  Global                              Global Defined In Module
      -----  --------------------------------   ------------------------
ASxxxx Linker V03.00 + NoICE + sdld,  page 28.
Hexadecimal  [32-Bits]

Area                                    Addr        Size        Decimal Bytes (Attributes)
--------------------------------        ----        ----        ------- ----- ------------
_HEADERd                            00000000    00000001 =           1. bytes (ABS,CON)

      Value  Global                              Global Defined In Module
      -----  --------------------------------   ------------------------
ASxxxx Linker V03.00 + NoICE + sdld,  page 29.
Hexadecimal  [32-Bits]

Area                                    Addr        Size        Decimal Bytes (Attributes)
--------------------------------        ----        ----        ------- ----- ------------
_HEADERe                            00000000    00000001 =           1. bytes (ABS,CON)

      Value  Global                              Global Defined In Module
      -----  --------------------------------   ------------------------
ASxxxx Linker V03.00 + NoICE + sdld,  page 30.
Hexadecimal  [32-Bits]

Area                                    Addr        Size        Decimal Bytes (Attributes)
--------------------------------        ----        ----        ------- ----- ------------
_HEADERf                            00000000    00000002 =           2. bytes (ABS,CON)

      Value  Global                              Global Defined In Module
      -----  --------------------------------   ------------------------
ASxxxx Linker V03.00 + NoICE + sdld,  page 31.
Hexadecimal  [32-Bits]

Area                                    Addr        Size        Decimal Bytes (Attributes)
--------------------------------        ----        ----        ------- ----- ------------
_HEADER10                           00000000    00000082 =         130. bytes (ABS,CON)

      Value  Global                              Global Defined In Module
      -----  --------------------------------   ------------------------
     00000150  .reset                             Runtime
     00000150  _reset                             Runtime
     00000157  .code_start                        Runtime
     000001B7  _exit                              Runtime
     000001BB  _set_interrupts                    Runtime

ASxxxx Linker V03.00 + NoICE + sdld,  page 32.
Hexadecimal  [32-Bits]

Area                                    Addr        Size        Decimal Bytes (Attributes)
--------------------------------        ----        ----        ------- ----- ------------
_HEADER11                           00000000    00000001 =           1. bytes (ABS,CON)

      Value  Global                              Global Defined In Module
      -----  --------------------------------   ------------------------
ASxxxx Linker V03.00 + NoICE + sdld,  page 33.
Hexadecimal  [32-Bits]

Area                                    Addr        Size        Decimal Bytes (Attributes)
--------------------------------        ----        ----        ------- ----- ------------
_HOME                               00000DE4    00002B97 =       11159. bytes (REL,CON)

      Value  Global                              Global Defined In Module
      -----  --------------------------------   ------------------------
     00000DE4  .memset_simple                     Runtime
     00000DED  .memcpy_simple                     Runtime
     00000E0A  .remove_VBL                        Runtime
     00000E0D  .remove_int                        Runtime
     00000E2A  .add_VBL                           Runtime
     00000E2D  .add_int                           Runtime
     00000E38  .wait_vbl_done                     Runtime
     00000E38  _wait_vbl_done                     Runtime
     00000E48  .display_off                       Runtime
     00000E48  _display_off                       Runtime
     00000E60  _remove_VBL                        Runtime
     00000E6B  _add_VBL                           Runtime
     00000E76  _actors_update                     actor
     00001273  _SetBankedBkgData                  bankdata
     0000128F  _SetBankedSpriteData               bankdata
     000012AB  _SetBankedBkgTiles                 bankdata
     000012C7  _SetBankedWinTiles                 bankdata
     000012E3  _ReadBankedFarPtr                  bankdata
     0000130A  _ReadBankedUWORD                   bankdata
     00001326  _MemcpyBanked                      bankdata
     00001342  _MemcpyVRAMBanked                  bankdata
     0000135E  _IndexOfFarPtr                     bankdata
     000013F4  _camera_update                     camera
     00001527  _load_animations                   data_manager
     00001586  _events_update                     events
     00001658  _timers_update                     events
     000016E0  _input_update                      input
     00001710  .sio_ISR                           
     0000176A  .timer_ISR                         
     0000177F  _simple_LCD_isr                    interrupts
     000017FB  _fullscreen_LCD_isr                interrupts
     00001827  _VBL_isr                           interrupts
     00001871  _isqrt                             math
     000018C7  _sine_wave                         math
     000019C7  _dir_lookup                        math
     000019CF  _dir_angle_lookup                  math
     000019D3  _hUGETrackerRoutine                music_manager
     000019FF  _music_events_update               music_manager
     00001A81  _music_play_isr                    music_manager
     00001B27  _parallax_LCD_isr                  parallax
     00001B64  _projectiles_update                projectiles
     00002003  _projectiles_render                projectiles
     00002176  _scroll_load_pending_row           scroll
     000021C9  _scroll_load_row                   scroll
     0000220E  _scroll_load_col                   scroll
     00002242  _scroll_load_pending_col           scroll
     0000229A  _set_bkg_submap                    
     000022DD  _set_xy_win_submap                 
     0000230A  .set_xy_win_submap                 
     00002313  .set_xy_bkg_submap                 
ASxxxx Linker V03.00 + NoICE + sdld,  page 34.
Hexadecimal  [32-Bits]

Area                                    Addr        Size        Decimal Bytes (Attributes)
--------------------------------        ----        ----        ------- ----- ------------
_HOME                               00000DE4    00002B97 =       11159. bytes (REL,CON)

      Value  Global                              Global Defined In Module
      -----  --------------------------------   ------------------------
     00002322  .set_xy_submap                     
     00002368  _sfx_play_isr                      sfx_player
     0000243B  _on_SIO_receive                    sio
     0000247C  _SIO_update                        sio
     000024E3  _ui_update                         ui
     00002612  _vm_sgb_transfer                   vm_sgb
     00002660  _vm_load_text                      vm_ui
     000028B5  _vm_switch                         vm
     000029B8  _vm_beginthread                    vm
     00002ADD  _vm_rpn                            vm
     0000321F  _vm_get_far                        vm
     00003289  _vm_call_native                    vm
     0000329C  _VM_STEP                           vm
     0000330A  _script_runner_update              vm
     00003475  _fill_win_rect                     
     00003487  _rand                              
     00003487  _randw                             
     000034B2  _initrand                          
     000034B4  .initrand                          
     000034BD  _get_bkg_data                      
     000034BD  _get_win_data                      
     0000350A  _get_sprite_data                   
     0000353A  __mulsuchar                        mul
     00003544  __muluschar                        mul
     0000354E  __mulschar                         mul
     00003560  __muluchar                         mul
     0000356C  __mulint                           mul
     00003592  _abs                               abs
     000035A1  _set_win_tiles                     
     000035B5  _set_tile_data                     
     000035BA  _set_bkg_data                      
     000035BA  _set_win_data                      
     000035C2  _set_sprite_data                   
     000035F2  _reverse                           reverse
     00003626  ___call__banked                    far_ptr
     00003643  _to_far_ptr                        far_ptr
     0000367C  _add_LCD                           
     00003687  .add_LCD                           
     0000368D  _remove_LCD                        
     00003698  .remove_LCD                        
     0000369E  .fill_rect_wtt                     
     000036A7  .fill_rect_btt                     
     000036F4  .copy_vram                         
     00003708  _get_data                          
     00003708  _set_data                          
     00003708  _vmemcpy                           
     0000371B  _fill_bkg_rect                     
     0000372D  .padup                             
     0000372D  _waitpadup                         
     0000373D  .jpad                              
     0000373D  _joypad                            
ASxxxx Linker V03.00 + NoICE + sdld,  page 35.
Hexadecimal  [32-Bits]

Area                                    Addr        Size        Decimal Bytes (Attributes)
--------------------------------        ----        ----        ------- ----- ------------
_HOME                               00000DE4    00002B97 =       11159. bytes (REL,CON)

      Value  Global                              Global Defined In Module
      -----  --------------------------------   ------------------------
     00003765  _waitpad                           
     00003768  .wait_pad                          
     0000376F  ___sdcc_call_hl                    call_hl
     00003770  ___memcpy                          memcpy
     00003770  _memcpy                            memcpy
     000037B3  _memset                            memset
     000037E6  .set_xy_wtt                        SetTileMap
     000037EF  .set_xy_btt                        SetTileMap
     000037FE  .set_xy_tt                         SetTileMap
     00003840  __divsuchar                        div
     0000384D  __modsuchar                        div
     00003857  __divuschar                        div
     00003869  __moduschar                        div
     00003879  __divschar                         div
     00003885  __modschar                         div
     0000388F  __divsint                          div
     000038A0  __modsint                          div
     000038AF  __divuchar                         div
     000038BB  __moduchar                         div
     000038C5  __divuint                          div
     000038D6  __moduint                          div
     000038E5  .div8                              div
     000038E5  .mod8                              div
     000038ED  .div16                             div
     000038ED  .mod16                             div
     00003923  .divu8                             div
     00003923  .modu8                             div
     00003926  .divu16                            div
     00003926  .modu16                            div
     00003967  _set_bkg_tiles                     

ASxxxx Linker V03.00 + NoICE + sdld,  page 36.
Hexadecimal  [32-Bits]

Area                                    Addr        Size        Decimal Bytes (Attributes)
--------------------------------        ----        ----        ------- ----- ------------
_INITIALIZER                        0000397B    00000019 =          25. bytes (REL,CON)

      Value  Global                              Global Defined In Module
      -----  --------------------------------   ------------------------
ASxxxx Linker V03.00 + NoICE + sdld,  page 37.
Hexadecimal  [32-Bits]

Area                                    Addr        Size        Decimal Bytes (Attributes)
--------------------------------        ----        ----        ------- ----- ------------
_GSINIT                             00003994    00000027 =          39. bytes (REL,CON)

      Value  Global                              Global Defined In Module
      -----  --------------------------------   ------------------------
     00003994  gsinit                             Runtime

ASxxxx Linker V03.00 + NoICE + sdld,  page 38.
Hexadecimal  [32-Bits]

Area                                    Addr        Size        Decimal Bytes (Attributes)
--------------------------------        ----        ----        ------- ----- ------------
_GSFINAL                            000039BB    00000001 =           1. bytes (REL,CON)

      Value  Global                              Global Defined In Module
      -----  --------------------------------   ------------------------
ASxxxx Linker V03.00 + NoICE + sdld,  page 39.
Hexadecimal  [32-Bits]

Area                                    Addr        Size        Decimal Bytes (Attributes)
--------------------------------        ----        ----        ------- ----- ------------
_DATA                               0000C0A0    0000197E =        6526. bytes (REL,CON)

      Value  Global                              Global Defined In Module
      -----  --------------------------------   ------------------------
     0000C0A0  __cpu                              Runtime
     0000C0A1  __is_GBA                           Runtime
     0000C0A2  .mode                              Runtime
     0000C0A3  .sys_time                          Runtime
     0000C0A3  _sys_time                          Runtime
     0000C0A5  .int_0x40                          Runtime
     0000C0B9  _actors                            actor
     0000C4FD  _actors_active_head                actor
     0000C4FF  _actors_active_tail                actor
     0000C501  _actors_inactive_head              actor
     0000C503  _screen_x                          actor
     0000C504  _screen_y                          actor
     0000C505  _invalid                           actor
     0000C507  _player_moving                     actor
     0000C508  _player_iframes                    actor
     0000C509  _player_collision_actor            actor
     0000C50B  _emote_actor                       actor
     0000C50D  _emote_timer                       actor
     0000C50E  _allocated_hardware_sprites        actor
     0000C51A  _camera_x                          camera
     0000C51C  _camera_y                          camera
     0000C51E  _camera_offset_x                   camera
     0000C51F  _camera_offset_y                   camera
     0000C520  _camera_deadzone_x                 camera
     0000C521  _camera_deadzone_y                 camera
     0000C522  _camera_settings                   camera
     0000C526  _current_scene                     data_manager
     0000C529  _image_bank                        data_manager
     0000C52A  _image_ptr                         data_manager
     0000C52C  _image_attr_bank                   data_manager
     0000C52D  _image_attr_ptr                    data_manager
     0000C52F  _collision_bank                    data_manager
     0000C530  _collision_ptr                     data_manager
     0000C532  _image_tile_width                  data_manager
     0000C533  _image_tile_height                 data_manager
     0000C534  _image_width                       data_manager
     0000C536  _image_height                      data_manager
     0000C538  _sprites_len                       data_manager
     0000C539  _actors_len                        data_manager
     0000C53A  _projectiles_len                   data_manager
     0000C53B  _player_sprite_len                 data_manager
     0000C53C  _scene_type                        data_manager
     0000C53D  _scene_LCD_type                    data_manager
     0000C53E  _scene_stack                       data_manager
     0000C57E  _scene_stack_ptr                   data_manager
     0000C580  _scene_sprites_base_tiles          data_manager
     0000C5C0  _input_events                      events
     0000C5E8  _input_slots                       events
     0000C5F0  _timer_events                      events
     0000C604  _timer_values                      events
ASxxxx Linker V03.00 + NoICE + sdld,  page 40.
Hexadecimal  [32-Bits]

Area                                    Addr        Size        Decimal Bytes (Attributes)
--------------------------------        ----        ----        ------- ----- ------------
_DATA                               0000C0A0    0000197E =        6526. bytes (REL,CON)

      Value  Global                              Global Defined In Module
      -----  --------------------------------   ------------------------
     0000C60C  _fade_running                      fade_manager
     0000C60D  _fade_frames_per_step              fade_manager
     0000C60E  _fade_timer                        fade_manager
     0000C616  _joypads                           input
     0000C61B  _frame_joy                         input
     0000C61C  _last_joy                          input
     0000C61D  _recent_joy                        input
     0000C61E  _SIO_status                        
     0000C61F  _link_byte_sent                    
     0000C620  _link_next_mode                    
     0000C621  _save_blob_size                    load_save
     0000C623  _routine_queue                     music_manager
     0000C627  _routine_queue_head                music_manager
     0000C628  _routine_queue_tail                music_manager
     0000C629  _music_events                      music_manager
     0000C63D  _music_current_track_bank          music_manager
     0000C63E  _music_mute_flag                   music_manager
     0000C63F  _music_mute_mask                   music_manager
     0000C640  _music_next_track                  music_manager
     0000C642  _music_current_track               music_manager
     0000C644  _music_play_isr_counter            music_manager
     0000C645  _music_play_isr_pause              music_manager
     0000C646  _music_global_mute_mask            music_manager
     0000C647  _music_sfx_priority                music_manager
     0000C648  _DMG_palette                       palette
     0000C64B  _SprPalette                        palette
     0000C68B  _parallax_rows                     parallax
     0000C69D  _parallax_row                      parallax
     0000C69F  _projectiles                       projectiles
     0000C758  _projectile_defs                   projectiles
     0000C7CB  _projectiles_active_head           projectiles
     0000C7CD  _projectiles_inactive_head         projectiles
     0000C7D4  _scroll_x                          scroll
     0000C7D6  _scroll_y                          scroll
     0000C7D8  _draw_scroll_x                     scroll
     0000C7DA  _draw_scroll_y                     scroll
     0000C7DC  _scroll_x_max                      scroll
     0000C7DE  _scroll_y_max                      scroll
     0000C7E0  _scroll_offset_x                   scroll
     0000C7E1  _scroll_offset_y                   scroll
     0000C7E2  _pending_h_x                       scroll
     0000C7E3  _pending_h_y                       scroll
     0000C7E4  _pending_h_i                       scroll
     0000C7E5  _pending_w_x                       scroll
     0000C7E6  _pending_w_y                       scroll
     0000C7E7  _pending_w_i                       scroll
     0000C7E8  _current_row                       scroll
     0000C7EA  _new_row                           scroll
     0000C7EC  _current_col                       scroll
     0000C7EE  _new_col                           scroll
     0000C7F0  .image_tile_width                  
ASxxxx Linker V03.00 + NoICE + sdld,  page 41.
Hexadecimal  [32-Bits]

Area                                    Addr        Size        Decimal Bytes (Attributes)
--------------------------------        ----        ----        ------- ----- ------------
_DATA                               0000C0A0    0000197E =        6526. bytes (REL,CON)

      Value  Global                              Global Defined In Module
      -----  --------------------------------   ------------------------
     0000C7F1  _sfx_play_bank                     sfx_player
     0000C7F2  _sfx_play_sample                   sfx_player
     0000C7F4  _sfx_frame_skip                    sfx_player
     0000C7F5  _link_operation_mode               sio
     0000C7F6  _link_packet                       sio
     0000C816  _link_packet_len                   sio
     0000C817  _link_packet_ptr                   sio
     0000C819  _link_packet_received              sio
     0000C81A  _link_packet_snd_len               sio
     0000C81B  _link_packet_snd_ptr               sio
     0000C81D  _link_packet_sent                  sio
     0000C81E  __is_CGB                           system
     0000C81F  __is_SGB                           system
     0000C820  __current_ram_bank                 system
     0000C821  _triggers                          trigger
     0000C919  _last_trigger_tx                   trigger
     0000C91A  _last_trigger_ty                   trigger
     0000C91B  _last_trigger                      trigger
     0000C91C  _win_pos_x                         ui
     0000C91D  _win_dest_pos_x                    ui
     0000C91E  _win_pos_y                         ui
     0000C91F  _win_dest_pos_y                    ui
     0000C920  _win_speed                         ui
     0000C921  _text_drawn                        ui
     0000C922  _current_text_speed                ui
     0000C923  _text_wait                         ui
     0000C924  _text_options                      ui
     0000C925  _text_in_speed                     ui
     0000C926  _text_out_speed                    ui
     0000C927  _text_draw_speed                   ui
     0000C928  _text_ff_joypad                    ui
     0000C929  _text_ff                           ui
     0000C92A  _text_bkg_fill                     ui
     0000C92B  _ui_text_data                      ui
     0000CA35  _vwf_current_mask                  ui
     0000CA36  _vwf_current_rotate                ui
     0000CA37  _vwf_inverse_map                   ui
     0000CA38  _vwf_direction                     ui
     0000CA39  _vwf_current_font_desc             ui
     0000CA41  _vwf_current_font_bank             ui
     0000CA42  _vwf_current_font_idx              ui
     0000CA43  _text_render_base_addr             ui
     0000CA45  _text_scroll_addr                  ui
     0000CA47  _text_scroll_width                 ui
     0000CA48  _text_scroll_height                ui
     0000CA49  _text_scroll_fill                  ui
     0000CA4A  _text_sound_mask                   ui
     0000CA4B  _text_sound_bank                   ui
     0000CA4C  _text_sound_data                   ui
     0000CA54  __itoa_fmt_len                     vm_ui_a
     0000CA55  .itoa_fmt_buf                      vm_ui_a
ASxxxx Linker V03.00 + NoICE + sdld,  page 42.
Hexadecimal  [32-Bits]

Area                                    Addr        Size        Decimal Bytes (Attributes)
--------------------------------        ----        ----        ------- ----- ------------
_DATA                               0000C0A0    0000197E =        6526. bytes (REL,CON)

      Value  Global                              Global Defined In Module
      -----  --------------------------------   ------------------------
     0000CA58  _CTXS                              vm
     0000CB88  _first_ctx                         vm
     0000CB8A  _free_ctxs                         vm
     0000CB8C  _old_executing_ctx                 vm
     0000CB8E  _executing_ctx                     vm
     0000CB90  _vm_lock_state                     vm
     0000CB91  _vm_loaded_state                   vm
     0000CB92  _vm_exception_code                 vm
     0000CB93  _vm_exception_params_length        vm
     0000CB94  _vm_exception_params_bank          vm
     0000CB95  _vm_exception_params_offset        vm
     0000CB98  _script_memory                     vm
     0000D99E  _grounded                          platform
     0000D99F  _on_ladder                         platform
     0000D9A0  _pl_vel_x                          platform
     0000D9A2  _pl_vel_y                          platform
     0000D9A4  _plat_min_vel                      platform
     0000D9A6  _plat_walk_vel                     platform
     0000D9A8  _plat_climb_vel                    platform
     0000D9AA  _plat_run_vel                      platform
     0000D9AC  _plat_walk_acc                     platform
     0000D9AE  _plat_run_acc                      platform
     0000D9B0  _plat_dec                          platform
     0000D9B2  _plat_jump_vel                     platform
     0000D9B4  _plat_grav                         platform
     0000D9B6  _plat_hold_grav                    platform
     0000D9B8  _plat_max_fall_vel                 platform
     0000D9BA  _shooter_reached_end               shmup
     0000D9BB  _shooter_dest                      shmup
     0000D9BD  _shooter_direction                 shmup
     0000D9BE  _topdown_grid                      topdown
     0000D9BF  ___rand_seed                       
     0000D9DD  _hUGE_current_wave                 hUGEDriver_obj
     0000D9DD  hUGE_current_wave                  hUGEDriver_obj
[...]
/var/folders/fp/3vvlgx114wn8g8rf_b91588c0000gn/T/_gbsbuild/obj/scene_2.rel
                                          [ scene_2 ]
/var/folders/fp/3vvlgx114wn8g8rf_b91588c0000gn/T/_gbsbuild/obj/scene_3_actors.rel
                                          [ scene_3_actors ]
/var/folders/fp/3vvlgx114wn8g8rf_b91588c0000gn/T/_gbsbuild/obj/scene_3_collisions.rel
                                          [ scene_3_collisions ]
/var/folders/fp/3vvlgx114wn8g8rf_b91588c0000gn/T/_gbsbuild/obj/scene_3_init.rel
                                          [ scene_3_init ]
/var/folders/fp/3vvlgx114wn8g8rf_b91588c0000gn/T/_gbsbuild/obj/scene_3_sprites.rel
                                          [ scene_3_sprites ]
/var/folders/fp/3vvlgx114wn8g8rf_b91588c0000gn/T/_gbsbuild/obj/scene_3_triggers.rel
                                          [ scene_3_triggers ]
/var/folders/fp/3vvlgx114wn8g8rf_b91588c0000gn/T/_gbsbuild/obj/scene_3.rel
                                          [ scene_3 ]
/var/folders/fp/3vvlgx114wn8g8rf_b91588c0000gn/T/_gbsbuild/obj/scene_4_actors.rel
                                          [ scene_4_actors ]
/var/folders/fp/3vvlgx114wn8g8rf_b91588c0000gn/T/_gbsbuild/obj/scene_4_collisions.rel
                                          [ scene_4_collisions ]
/var/folders/fp/3vvlgx114wn8g8rf_b91588c0000gn/T/_gbsbuild/obj/scene_4_init.rel
                                          [ scene_4_init ]
/var/folders/fp/3vvlgx114wn8g8rf_b91588c0000gn/T/_gbsbuild/obj/scene_4_sprites.rel
                                          [ scene_4_sprites ]
/var/folders/fp/3vvlgx114wn8g8rf_b91588c0000gn/T/_gbsbuild/obj/scene_4.rel
                                          [ scene_4 ]
/var/folders/fp/3vvlgx114wn8g8rf_b91588c0000gn/T/_gbsbuild/obj/scene_5_collisions.rel
                                          [ scene_5_collisions ]
/var/folders/fp/3vvlgx114wn8g8rf_b91588c0000gn/T/_gbsbuild/obj/scene_5_init.rel
                                          [ scene_5_init ]
/var/folders/fp/3vvlgx114wn8g8rf_b91588c0000gn/T/_gbsbuild/obj/scene_5.rel
                                          [ scene_5 ]
/var/folders/fp/3vvlgx114wn8g8rf_b91588c0000gn/T/_gbsbuild/obj/scene_6_actors.rel
                                          [ scene_6_actors ]
/var/folders/fp/3vvlgx114wn8g8rf_b91588c0000gn/T/_gbsbuild/obj/scene_6_collisions.rel
                                          [ scene_6_collisions ]
/var/folders/fp/3vvlgx114wn8g8rf_b91588c0000gn/T/_gbsbuild/obj/scene_6_init.rel
                                          [ scene_6_init ]
/var/folders/fp/3vvlgx114wn8g8rf_b91588c0000gn/T/_gbsbuild/obj/scene_6_p_hit1.rel
                                          [ scene_6_p_hit1 ]
/var/folders/fp/3vvlgx114wn8g8rf_b91588c0000gn/T/_gbsbuild/obj/scene_6_projectiles.rel
                                          [ scene_6_projectiles ]
/var/folders/fp/3vvlgx114wn8g8rf_b91588c0000gn/T/_gbsbuild/obj/scene_6_sprites.rel
                                          [ scene_6_sprites ]
/var/folders/fp/3vvlgx114wn8g8rf_b91588c0000gn/T/_gbsbuild/obj/scene_6.rel
                                          [ scene_6 ]
/var/folders/fp/3vvlgx114wn8g8rf_b91588c0000gn/T/_gbsbuild/obj/scene_9_actors.rel
                                          [ scene_9_actors ]
/var/folders/fp/3vvlgx114wn8g8rf_b91588c0000gn/T/_gbsbuild/obj/scene_9_collisions.rel
                                          [ scene_9_collisions ]
/var/folders/fp/3vvlgx114wn8g8rf_b91588c0000gn/T/_gbsbuild/obj/scene_9_init.rel
                                          [ scene_9_init ]
/var/folders/fp/3vvlgx114wn8g8rf_b91588c0000gn/T/_gbsbuild/obj/scene_9_p_hit1.rel
                                          [ scene_9_p_hit1 ]
/var/folders/fp/3vvlgx114wn8g8rf_b91588c0000gn/T/_gbsbuild/obj/scene_9_sprites.rel
                                          [ scene_9_sprites ]
/var/folders/fp/3vvlgx114wn8g8rf_b91588c0000gn/T/_gbsbuild/obj/scene_9.rel
                                          [ scene_9 ]
/var/folders/fp/3vvlgx114wn8g8rf_b91588c0000gn/T/_gbsbuild/obj/scene_scene_4_actors.rel
                                          [ scene_scene_4_actors ]
/var/folders/fp/3vvlgx114wn8g8rf_b91588c0000gn/T/_gbsbuild/obj/scene_scene_4_collisions.rel
                                          [ scene_scene_4_collisions ]
/var/folders/fp/3vvlgx114wn8g8rf_b91588c0000gn/T/_gbsbuild/obj/scene_scene_4_init.rel
                                          [ scene_scene_4_init ]
/var/folders/fp/3vvlgx114wn8g8rf_b91588c0000gn/T/_gbsbuild/obj/scene_scene_4_sprites.rel
                                          [ scene_scene_4_sprites ]
/var/folders/fp/3vvlgx114wn8g8rf_b91588c0000gn/T/_gbsbuild/obj/scene_scene_4_triggers.rel
                                          [ scene_scene_4_triggers ]
/var/folders/fp/3vvlgx114wn8g8rf_b91588c0000gn/T/_gbsbuild/obj/scene_scene_4.rel
                                          [ scene_scene_4 ]
/var/folders/fp/3vvlgx114wn8g8rf_b91588c0000gn/T/_gbsbuild/obj/script_engine_init.rel
                                          [  ]
/var/folders/fp/3vvlgx114wn8g8rf_b91588c0000gn/T/_gbsbuild/obj/script_input_0.rel
                                          [ script_input_0 ]
/var/folders/fp/3vvlgx114wn8g8rf_b91588c0000gn/T/_gbsbuild/obj/sound_hurt_wav.rel
                                          [ sound_hurt_wav ]
/var/folders/fp/3vvlgx114wn8g8rf_b91588c0000gn/T/_gbsbuild/obj/sound_i_can_do_anything_wav.rel
                                          [ sound_i_can_do_anything_wav ]
/var/folders/fp/3vvlgx114wn8g8rf_b91588c0000gn/T/_gbsbuild/obj/sound_jevil_oh_wav.rel
                                          [ sound_jevil_oh_wav ]
/var/folders/fp/3vvlgx114wn8g8rf_b91588c0000gn/T/_gbsbuild/obj/sound_laugh_wav.rel
                                          [ sound_laugh_wav ]
/var/folders/fp/3vvlgx114wn8g8rf_b91588c0000gn/T/_gbsbuild/obj/sound_snd_heavyswing_ch1_wa.rel
                                          [ sound_snd_heavyswing_ch1_wa ]
/var/folders/fp/3vvlgx114wn8g8rf_b91588c0000gn/T/_gbsbuild/obj/sound_snd_rudebuster_hit_wa.rel
                                          [ sound_snd_rudebuster_hit_wa ]
/var/folders/fp/3vvlgx114wn8g8rf_b91588c0000gn/T/_gbsbuild/obj/sprite_actor_animated_tileset.rel
                                          [ sprite_actor_animated_tileset ]
/var/folders/fp/3vvlgx114wn8g8rf_b91588c0000gn/T/_gbsbuild/obj/sprite_actor_animated.rel
                                          [ sprite_actor_animated ]
/var/folders/fp/3vvlgx114wn8g8rf_b91588c0000gn/T/_gbsbuild/obj/sprite_actor_copy_tileset.rel
                                          [ sprite_actor_copy_tileset ]
/var/folders/fp/3vvlgx114wn8g8rf_b91588c0000gn/T/_gbsbuild/obj/sprite_actor_copy.rel
                                          [ sprite_actor_copy ]
/var/folders/fp/3vvlgx114wn8g8rf_b91588c0000gn/T/_gbsbuild/obj/sprite_actor_tileset.rel
                                          [ sprite_actor_tileset ]
/var/folders/fp/3vvlgx114wn8g8rf_b91588c0000gn/T/_gbsbuild/obj/sprite_actor.rel
                                          [ sprite_actor ]
/var/folders/fp/3vvlgx114wn8g8rf_b91588c0000gn/T/_gbsbuild/obj/sprite_club_copy_2_tileset.rel
                                          [ sprite_club_copy_2_tileset ]
/var/folders/fp/3vvlgx114wn8g8rf_b91588c0000gn/T/_gbsbuild/obj/sprite_club_copy_2.rel
                                          [ sprite_club_copy_2 ]
/var/folders/fp/3vvlgx114wn8g8rf_b91588c0000gn/T/_gbsbuild/obj/sprite_club_copy_tileset.rel
                                          [ sprite_club_copy_tileset ]
/var/folders/fp/3vvlgx114wn8g8rf_b91588c0000gn/T/_gbsbuild/obj/sprite_club_copy.rel
                                          [ sprite_club_copy ]
/var/folders/fp/3vvlgx114wn8g8rf_b91588c0000gn/T/_gbsbuild/obj/sprite_diagonalclub1_copy_tileset.rel
                                          [ sprite_diagonalclub1_copy_tilese ]
/var/folders/fp/3vvlgx114wn8g8rf_b91588c0000gn/T/_gbsbuild/obj/sprite_diagonalclub1_copy.rel
                                          [ sprite_diagonalclub1_copy ]
/var/folders/fp/3vvlgx114wn8g8rf_b91588c0000gn/T/_gbsbuild/obj/sprite_jevil_animated_copy_tileset.rel
                                          [ sprite_jevil_animated_copy_tiles ]
/var/folders/fp/3vvlgx114wn8g8rf_b91588c0000gn/T/_gbsbuild/obj/sprite_jevil_animated_copy.rel
                                          [ sprite_jevil_animated_copy ]
/var/folders/fp/3vvlgx114wn8g8rf_b91588c0000gn/T/_gbsbuild/obj/sprite_jevil_animated_tileset.rel
                                          [ sprite_jevil_animated_tileset ]
/var/folders/fp/3vvlgx114wn8g8rf_b91588c0000gn/T/_gbsbuild/obj/sprite_jevil_animated.rel
                                          [ sprite_jevil_animated ]
/var/folders/fp/3vvlgx114wn8g8rf_b91588c0000gn/T/_gbsbuild/obj/sprite_kris_battle_copy_tileset.rel
                                          [ sprite_kris_battle_copy_tileset ]
/var/folders/fp/3vvlgx114wn8g8rf_b91588c0000gn/T/_gbsbuild/obj/sprite_kris_battle_copy.rel
                                          [ sprite_kris_battle_copy ]
/var/folders/fp/3vvlgx114wn8g8rf_b91588c0000gn/T/_gbsbuild/obj/sprite_ralsei_battle_copy_0_tileset.rel
                                          [ sprite_ralsei_battle_copy_0_tile ]
/var/folders/fp/3vvlgx114wn8g8rf_b91588c0000gn/T/_gbsbuild/obj/sprite_ralsei_battle_copy_0.rel
                                          [ sprite_ralsei_battle_copy_0 ]
/var/folders/fp/3vvlgx114wn8g8rf_b91588c0000gn/T/_gbsbuild/obj/sprite_ralsei_battle_copy_tileset.rel
                                          [ sprite_ralsei_battle_copy_tilese ]
/var/folders/fp/3vvlgx114wn8g8rf_b91588c0000gn/T/_gbsbuild/obj/sprite_ralsei_battle_copy.rel
                                          [ sprite_ralsei_battle_copy ]
/var/folders/fp/3vvlgx114wn8g8rf_b91588c0000gn/T/_gbsbuild/obj/sprite_ralsei_copy_tileset.rel
                                          [ sprite_ralsei_copy_tileset ]
/var/folders/fp/3vvlgx114wn8g8rf_b91588c0000gn/T/_gbsbuild/obj/sprite_ralsei_copy.rel
                                          [ sprite_ralsei_copy ]
/var/folders/fp/3vvlgx114wn8g8rf_b91588c0000gn/T/_gbsbuild/obj/sprite_ralsei_tileset.rel
                                          [ sprite_ralsei_tileset ]
/var/folders/fp/3vvlgx114wn8g8rf_b91588c0000gn/T/_gbsbuild/obj/sprite_ralsei.rel
                                          [ sprite_ralsei ]
/var/folders/fp/3vvlgx114wn8g8rf_b91588c0000gn/T/_gbsbuild/obj/sprite_scythe_copy_tileset.rel
                                          [ sprite_scythe_copy_tileset ]
/var/folders/fp/3vvlgx114wn8g8rf_b91588c0000gn/T/_gbsbuild/obj/sprite_scythe_copy.rel
                                          [ sprite_scythe_copy ]
/var/folders/fp/3vvlgx114wn8g8rf_b91588c0000gn/T/_gbsbuild/obj/sprite_scythe_tileset.rel
                                          [ sprite_scythe_tileset ]
/var/folders/fp/3vvlgx114wn8g8rf_b91588c0000gn/T/_gbsbuild/obj/sprite_scythe.rel
                                          [ sprite_scythe ]
/var/folders/fp/3vvlgx114wn8g8rf_b91588c0000gn/T/_gbsbuild/obj/sprite_small_heart_tileset.rel
                                          [ sprite_small_heart_tileset ]
/var/folders/fp/3vvlgx114wn8g8rf_b91588c0000gn/T/_gbsbuild/obj/sprite_small_heart.rel
                                          [ sprite_small_heart ]
/var/folders/fp/3vvlgx114wn8g8rf_b91588c0000gn/T/_gbsbuild/obj/sprite_spade_copy_0_tileset.rel
                                          [ sprite_spade_copy_0_tileset ]
/var/folders/fp/3vvlgx114wn8g8rf_b91588c0000gn/T/_gbsbuild/obj/sprite_spade_copy_0.rel
                                          [ sprite_spade_copy_0 ]
/var/folders/fp/3vvlgx114wn8g8rf_b91588c0000gn/T/_gbsbuild/obj/sprite_spade_copy_tileset.rel
                                          [ sprite_spade_copy_tileset ]
/var/folders/fp/3vvlgx114wn8g8rf_b91588c0000gn/T/_gbsbuild/obj/sprite_spade_copy.rel
                                          [ sprite_spade_copy ]
/var/folders/fp/3vvlgx114wn8g8rf_b91588c0000gn/T/_gbsbuild/obj/sprite_spade_tileset.rel
                                          [ sprite_spade_tileset ]
/var/folders/fp/3vvlgx114wn8g8rf_b91588c0000gn/T/_gbsbuild/obj/sprite_spade.rel
                                          [ sprite_spade ]
/var/folders/fp/3vvlgx114wn8g8rf_b91588c0000gn/T/_gbsbuild/obj/sprite_static_copy_tileset.rel
                                          [ sprite_static_copy_tileset ]
/var/folders/fp/3vvlgx114wn8g8rf_b91588c0000gn/T/_gbsbuild/obj/sprite_static_copy.rel
                                          [ sprite_static_copy ]
/var/folders/fp/3vvlgx114wn8g8rf_b91588c0000gn/T/_gbsbuild/obj/sprite_static_tileset.rel
                                          [ sprite_static_tileset ]
/var/folders/fp/3vvlgx114wn8g8rf_b91588c0000gn/T/_gbsbuild/obj/sprite_static.rel
                                          [ sprite_static ]
/var/folders/fp/3vvlgx114wn8g8rf_b91588c0000gn/T/_gbsbuild/obj/sprite_susie_battle_copy_tileset.rel
                                          [ sprite_susie_battle_copy_tileset ]
/var/folders/fp/3vvlgx114wn8g8rf_b91588c0000gn/T/_gbsbuild/obj/sprite_susie_battle_copy.rel
                                          [ sprite_susie_battle_copy ]
/var/folders/fp/3vvlgx114wn8g8rf_b91588c0000gn/T/_gbsbuild/obj/sprite_susie_copy_0_tileset.rel
                                          [ sprite_susie_copy_0_tileset ]
/var/folders/fp/3vvlgx114wn8g8rf_b91588c0000gn/T/_gbsbuild/obj/sprite_susie_copy_0.rel
                                          [ sprite_susie_copy_0 ]
/var/folders/fp/3vvlgx114wn8g8rf_b91588c0000gn/T/_gbsbuild/obj/sprite_susie_copy_tileset.rel
                                          [ sprite_susie_copy_tileset ]
/var/folders/fp/3vvlgx114wn8g8rf_b91588c0000gn/T/_gbsbuild/obj/sprite_susie_copy.rel
                                          [ sprite_susie_copy ]
/var/folders/fp/3vvlgx114wn8g8rf_b91588c0000gn/T/_gbsbuild/obj/sprite_susie_tileset.rel
                                          [ sprite_susie_tileset ]
/var/folders/fp/3vvlgx114wn8g8rf_b91588c0000gn/T/_gbsbuild/obj/sprite_susie.rel
                                          [ sprite_susie ]
/var/folders/fp/3vvlgx114wn8g8rf_b91588c0000gn/T/_gbsbuild/obj/spritesheet_none.rel
                                          [ spritesheet_none ]
/var/folders/fp/3vvlgx114wn8g8rf_b91588c0000gn/T/_gbsbuild/obj/trigger_0_interact.rel
                                          [ trigger_0_interact ]
/var/folders/fp/3vvlgx114wn8g8rf_b91588c0000gn/T/_gbsbuild/obj/trigger_5_interact.rel
                                          [ trigger_5_interact ]
/var/folders/fp/3vvlgx114wn8g8rf_b91588c0000gn/T/_gbsbuild/obj/trigger_6_interact.rel
                                          [ trigger_6_interact ]
/var/folders/fp/3vvlgx114wn8g8rf_b91588c0000gn/T/_gbsbuild/obj/trigger_7_interact.rel
                                          [ trigger_7_interact ]
/var/folders/fp/3vvlgx114wn8g8rf_b91588c0000gn/T/_gbsbuild/obj/main.rel
                                          [ main ]
/var/folders/fp/3vvlgx114wn8g8rf_b91588c0000gn/T/_gbsbuild/obj/adventure.rel
                                          [ adventure ]
/var/folders/fp/3vvlgx114wn8g8rf_b91588c0000gn/T/_gbsbuild/obj/logo.rel
                                          [ logo ]
/var/folders/fp/3vvlgx114wn8g8rf_b91588c0000gn/T/_gbsbuild/obj/platform.rel
                                          [ platform ]
/var/folders/fp/3vvlgx114wn8g8rf_b91588c0000gn/T/_gbsbuild/obj/pointnclick.rel
                                          [ pointnclick ]
/var/folders/fp/3vvlgx114wn8g8rf_b91588c0000gn/T/_gbsbuild/obj/shmup.rel
                                          [ shmup ]
/var/folders/fp/3vvlgx114wn8g8rf_b91588c0000gn/T/_gbsbuild/obj/states_ptrs.rel
                                          [  ]
/var/folders/fp/3vvlgx114wn8g8rf_b91588c0000gn/T/_gbsbuild/obj/topdown.rel
                                          [ topdown ]


Libraries Linked                          [ object file ]

/var/folders/fp/3vvlgx114wn8g8rf_b91588c0000gn/T/_gbstools/gbdk/lib/small/asxxxx/gb/gb.lib
                                          [ fill_rect_wi.o ]
/var/folders/fp/3vvlgx114wn8g8rf_b91588c0000gn/T/_gbstools/gbdk/lib/small/asxxxx/gbz80/gbz80.lib
                                          [ rand.o ]
lib/hUGEDriver.lib                        [ hUGEDriver.obj.o ]
/var/folders/fp/3vvlgx114wn8g8rf_b91588c0000gn/T/_gbstools/gbdk/lib/small/asxxxx/gb/gb.lib
                                          [ sfr.o ]
/var/folders/fp/3vvlgx114wn8g8rf_b91588c0000gn/T/_gbstools/gbdk/lib/small/asxxxx/gb/gb.lib
                                          [ get_data.o ]
/var/folders/fp/3vvlgx114wn8g8rf_b91588c0000gn/T/_gbstools/gbdk/lib/small/asxxxx/gb/gb.lib
                                          [ get_tile.o ]
/var/folders/fp/3vvlgx114wn8g8rf_b91588c0000gn/T/_gbstools/gbdk/lib/small/asxxxx/gb/gb.lib
                                          [ metasprites_hide_spr.o ]
/var/folders/fp/3vvlgx114wn8g8rf_b91588c0000gn/T/_gbstools/gbdk/lib/small/asxxxx/gbz80/gbz80.lib
                                          [ mul.o ]
/var/folders/fp/3vvlgx114wn8g8rf_b91588c0000gn/T/_gbstools/gbdk/lib/small/asxxxx/gbz80/gbz80.lib
                                          [ abs.o ]
/var/folders/fp/3vvlgx114wn8g8rf_b91588c0000gn/T/_gbstools/gbdk/lib/small/asxxxx/gb/gb.lib
                                          [ set_wi_t.o ]
/var/folders/fp/3vvlgx114wn8g8rf_b91588c0000gn/T/_gbstools/gbdk/lib/small/asxxxx/gb/gb.lib
                                          [ set_data.o ]
/var/folders/fp/3vvlgx114wn8g8rf_b91588c0000gn/T/_gbstools/gbdk/lib/small/asxxxx/gbz80/gbz80.lib
                                          [ reverse.o ]
/var/folders/fp/3vvlgx114wn8g8rf_b91588c0000gn/T/_gbstools/gbdk/lib/small/asxxxx/gb/gb.lib
                                          [ far_ptr.o ]
/var/folders/fp/3vvlgx114wn8g8rf_b91588c0000gn/T/_gbstools/gbdk/lib/small/asxxxx/gb/gb.lib
                                          [ sgb.o ]
/var/folders/fp/3vvlgx114wn8g8rf_b91588c0000gn/T/_gbstools/gbdk/lib/small/asxxxx/gb/gb.lib
                                          [ lcd.o ]
/var/folders/fp/3vvlgx114wn8g8rf_b91588c0000gn/T/_gbstools/gbdk/lib/small/asxxxx/gb/gb.lib
                                          [ fill_rect.o ]
/var/folders/fp/3vvlgx114wn8g8rf_b91588c0000gn/T/_gbstools/gbdk/lib/small/asxxxx/gb/gb.lib
                                          [ cpy_data.o ]
/var/folders/fp/3vvlgx114wn8g8rf_b91588c0000gn/T/_gbstools/gbdk/lib/small/asxxxx/gb/gb.lib
                                          [ fill_rect_bk.o ]
/var/folders/fp/3vvlgx114wn8g8rf_b91588c0000gn/T/_gbstools/gbdk/lib/small/asxxxx/gb/gb.lib
                                          [ pad.o ]
/var/folders/fp/3vvlgx114wn8g8rf_b91588c0000gn/T/_gbstools/gbdk/lib/small/asxxxx/gb/gb.lib
                                          [ metasprites.o ]
/var/folders/fp/3vvlgx114wn8g8rf_b91588c0000gn/T/_gbstools/gbdk/lib/small/asxxxx/gbz80/gbz80.lib
                                          [ __sdcc_call_hl.o ]
/var/folders/fp/3vvlgx114wn8g8rf_b91588c0000gn/T/_gbstools/gbdk/lib/small/asxxxx/gbz80/gbz80.lib
                                          [ _memcpy.o ]
/var/folders/fp/3vvlgx114wn8g8rf_b91588c0000gn/T/_gbstools/gbdk/lib/small/asxxxx/gbz80/gbz80.lib
                                          [ _memset.o ]
/var/folders/fp/3vvlgx114wn8g8rf_b91588c0000gn/T/_gbstools/gbdk/lib/small/asxxxx/gb/gb.lib
                                          [ set_xy_t.o ]
/var/folders/fp/3vvlgx114wn8g8rf_b91588c0000gn/T/_gbstools/gbdk/lib/small/asxxxx/gbz80/gbz80.lib
                                          [ div.o ]
/var/folders/fp/3vvlgx114wn8g8rf_b91588c0000gn/T/_gbstools/gbdk/lib/small/asxxxx/gb/gb.lib
                                          [ set_bk_t.o ]

ASxxxx Linker V03.00 + NoICE + sdld,  page 74.

User Base Address Definitions

_DATA=0xC0A0
_CODE=0x0200
ASxxxx Linker V03.00 + NoICE + sdld,  page 75.

User Global Definitions

.STACK=0xDF00
_shadow_OAM=0xC000
.refresh_OAM=0xFF80
__start_save=12

